// Jest Snapshot v1, https://goo.gl/fbAQLP

exports[`Component de cadastro de endereço de entrega de produtos Teste de snaptshot do componente de endereço 1`] = `"<form class=\\"row contact_form\\" method=\\"post\\"><div class=\\"row ml-2\\"><div class=\\"col-md-12 form-group\\"><label><small>e-mail</small></label><input type=\\"email\\" class=\\"form-control\\" id=\\"registerEmail\\" name=\\"email\\" placeholder=\\"exemplo@exemplo.com\\" value=\\"jonas_barros@outlook.com\\"/></div><div class=\\"col-md-12 form-group\\"><label> <small>Nome do endereço</small></label><input type=\\"text\\" class=\\"form-control\\" id=\\"nameAddress\\" name=\\"nameAddress\\" placeholder=\\"Ex: Minha casa, Meu trabalho\\" value=\\"Minha casa\\"/></div><div class=\\"col-md-12 form-group\\"><label><small>Nome do destinatário</small></label><input type=\\"text\\" class=\\"form-control\\" id=\\"nameRecipient\\" name=\\"nameRecipient\\" placeholder=\\"Nome de quem vai receber a encomenda\\" value=\\"Jonas Florencio de Barros\\"/></div><div class=\\"col-md-3 form-group\\"><label><small>Cep</small></label><input type=\\"text\\" class=\\"form-control\\" id=\\"cep\\" name=\\"cep\\" placeholder=\\"00.000-000\\" value=\\"04.851-410\\" required=\\"\\"/></div><div class=\\"col-md-3 align-items-center\\"><label><small>Tipo de endereço</small></label><select class=\\"custom-select mr-sm-2 form-control select-delivery\\" id=\\"typeAddress\\"><option>Selecione...</option><option value=\\"1\\">Avenida</option><option value=\\"2\\">Rua</option><option value=\\"3\\">Praça</option><option value=\\"4\\">Quadra</option><option value=\\"5\\">Estrada</option><option value=\\"6\\">Alameda</option><option value=\\"7\\">Ladeira</option><option value=\\"8\\">Travessa</option><option value=\\"9\\">Rodovia</option></select></div><div class=\\"col-md-6 form-group\\"><label> <small>Nome da rua</small></label><input type=\\"text\\" class=\\"form-control\\" id=\\"nameStreet\\" name=\\"nameStreet\\" placeholder=\\"Nome da rua\\" value=\\"Rua andorinhas brasileiras\\" required=\\"\\"/></div><div class=\\"col-md-2 form-group\\"><label><small>Número</small></label><input type=\\"text\\" class=\\"form-control\\" id=\\"number\\" name=\\"number\\" placeholder=\\"Número da residência\\" value=\\"61\\" required=\\"\\"/></div><div class=\\"col-md-6 form-group\\"><label><small>Complemento</small></label><input type=\\"text\\" class=\\"form-control\\" id=\\"complement\\" name=\\"complement\\" placeholder=\\"*Ex: Apartamento 51 5 andar, bloco B\\" value=\\"Casa\\"/></div><div class=\\"col-md-4 form-group\\"><label><small>Bairro</small></label><input type=\\"text\\" class=\\"form-control\\" id=\\"burgh\\" name=\\"burgh\\" value=\\"Lago azul\\" placeholder=\\"Nome do bairro de entrega\\" required=\\"\\"/></div><div class=\\"col-md-4 form-group\\"><label><small>Estado</small></label><select class=\\"custom-select mr-sm-2 form-control select-delivery\\" id=\\"states\\"><option>Selecione...</option><option value=\\"1\\">Acre</option><option value=\\"2\\">Alagoas</option><option value=\\"3\\">Amapá</option><option value=\\"4\\">Amazonas</option><option value=\\"5\\">Bahia</option><option value=\\"6\\">Ceará</option><option value=\\"7\\">Distrito Federal</option><option value=\\"8\\">Espírito Santo</option><option value=\\"9\\">Goiás</option><option value=\\"10\\">Maranhão</option><option value=\\"11\\">Mato Grosso</option><option value=\\"12\\">Mato Grosso do Sul</option><option value=\\"13\\">Minas Gerais</option><option value=\\"14\\">Pará</option><option value=\\"15\\">Paraíba</option><option value=\\"16\\">Paraná</option><option value=\\"17\\">Pernambuco</option><option value=\\"18\\">Piauí</option><option value=\\"19\\">Rio de Janeiro</option><option value=\\"20\\">Rio Grnade do Norte</option><option value=\\"21\\">Rio Grande do Sul</option><option value=\\"22\\">Rondônia</option><option value=\\"23\\">Roraima</option><option value=\\"24\\">Santa Catarina</option><option value=\\"25\\">São Paulo</option><option value=\\"26\\">Sergipe</option><option value=\\"27\\">Tocantins</option></select></div><div class=\\"col-md-4 form-group\\"><label><small>Cidade</small></label><input class=\\"form-control\\" id=\\"city\\" name=\\"city\\" value=\\"Sp\\"/></div><div class=\\"col-md-4 form-group\\"><label><small>Ponto de referência</small></label><input type=\\"text\\" class=\\"form-control\\" id=\\"referencePoint\\" name=\\"referencePoint\\" value=\\"Frente a igreja católica\\" required=\\"\\"/></div><div class=\\"col-md-12 form-group\\"><label><small>Telefone</small></label><input type=\\"text\\" class=\\"form-control\\" id=\\"residentialPhone\\" name=\\"residentialPhone\\" placeholder=\\"(00) 0000-00000\\" value=\\"(11) 9843-08992\\" required=\\"\\"/></div><div class=\\"col-md-12\\"><div class=\\"d-flex justify-content-end\\"><button type=\\"submit\\" value=\\"submit\\" class=\\"genric-btn success mt-2\\">Prosseguir</button></div></div></div></form>"`;
